// Jest Snapshot v1, https://goo.gl/fbAQLP

exports[`PostList renders when an array of posts are passed 1`] = `
<section>
  <h2>
    Grab a cuppa ☕️ and enjoy the reading 📖
  </h2>
  <div>
    <div
      class="post_margin"
    >
      <h4>
        <a
          class="post_name"
          href="/posts/test_slug"
        >
          📋 
          test title
          ,
          <span
            class="post_published_date"
          >
             📆 
            2020.04.05
          </span>
        </a>
      </h4>
      <p
        class="post_description"
      >
        test description
      </p>
    </div>
  </div>
</section>
`;

exports[`PostList renders without passing posts 1`] = `
<section>
  <h2>
    Grab a cuppa ☕️ and enjoy the reading 📖
  </h2>
  <div />
</section>
`;
